﻿
> college-erp-client@0.0.0 build
> vite build

[36mvite v7.3.1 [32mbuilding client environment for production...[36m[39m
transforming...
[32mΓ£ô[39m 62 modules transformed.

Γ£¿ [vite-plugin-compression]:algorithm=gzip - compressed file successfully: 
dist/C:/Users/ADMIN/Desktop/advanced 12-02/enterprise/client/assets/index-CDhTFNCN.css.gz   76.05kb / gzip: 11.38kb
dist/C:/Users/ADMIN/Desktop/advanced 12-02/enterprise/client/assets/index-C2HQYYoj.js.gz    1880.22kb / gzip: 517.59kb


node.exe : [31mΓ£ù[39m Build failed in 2.07s
At line:1 char:1
+ & "C:\Program Files\nodejs/node.exe" "C:\Program 
Files\nodejs/node_mo ...
+ ~~~~~~~~~~~~~~~~~~~~~~~~~~~~~~~~~~~~~~~~~~~~~~~~~
~~~~~~~~~~~~~~~~~~~~
    + CategoryInfo          : NotSpecified: ([31m 
   Γ£ù[39m Build failed in 2.07s:String) [], Rem  
  oteException
    + FullyQualifiedErrorId : NativeCommandError
 
[31merror during build:
[31m[vite]: Rollup failed to resolve import 
"react-toastify" from 
"C:/Users/ADMIN/Desktop/advanced 12-02/enterprise/c
lient/src/pages/admin/AdminArrears.jsx".
This is most likely unintended because it can 
break your application at runtime.
If you do want to externalize this module 
explicitly add it to
`build.rollupOptions.external`[31m
    at viteLog (file:///C:/Users/ADMIN/Desktop/adva
nced%2012-02/enterprise/client/node_modules/vite/di
st/node/chunks/config.js:33635:57)
    at file:///C:/Users/ADMIN/Desktop/advanced%2012
-02/enterprise/client/node_modules/vite/dist/node/c
hunks/config.js:33669:73
    at onwarn (file:///C:/Users/ADMIN/Desktop/advan
ced%2012-02/enterprise/client/node_modules/@vitejs/
plugin-react/dist/index.js:90:7)
    at file:///C:/Users/ADMIN/Desktop/advanced%2012
-02/enterprise/client/node_modules/vite/dist/node/c
hunks/config.js:33669:28
    at onRollupLog (file:///C:/Users/ADMIN/Desktop/
advanced%2012-02/enterprise/client/node_modules/vit
e/dist/node/chunks/config.js:33664:63)
    at onLog (file:///C:/Users/ADMIN/Desktop/advanc
ed%2012-02/enterprise/client/node_modules/vite/dist
/node/chunks/config.js:33467:4)
    at file:///C:/Users/ADMIN/Desktop/advanced%2012
-02/enterprise/client/node_modules/rollup/dist/es/s
hared/node-entry.js:20955:32
    at Object.logger [as onLog] (file:///C:/Users/A
DMIN/Desktop/advanced%2012-02/enterprise/client/nod
e_modules/rollup/dist/es/shared/node-entry.js:22942
:9)
    at ModuleLoader.handleInvalidResolvedId (file:/
//C:/Users/ADMIN/Desktop/advanced%2012-02/enterpris
e/client/node_modules/rollup/dist/es/shared/node-en
try.js:21686:26)
    at file:///C:/Users/ADMIN/Desktop/advanced%2012
-02/enterprise/client/node_modules/rollup/dist/es/s
hared/node-entry.js:21644:26[39m
