Starting tests...
External Staff found: 2
[
  {
    "id": 22,
    "username": "Ganesh",
    "fullName": "Ganesh"
  },
  {
    "id": 23,
    "username": "ganesh",
    "fullName": "ganesh"
  }
]
ERROR: TypeError: Cannot read properties of undefined (reading 'findMany')
    at test (C:\Users\ADMIN\Desktop\advanced 12-02\enterprise\server\test_external_staff_v2.js:20:65)
